// Jest Snapshot v1, https://goo.gl/fbAQLP

exports[`should render header correctly 1`] = `
<header>
  <h1>
    Expensify
  </h1>
  <ForwardRef
    activeClassName="active-link"
    exact={true}
    to="/"
  >
    Home
  </ForwardRef>
  <ForwardRef
    activeClassName="active-link"
    to="/add_expense"
  >
    Create Expence
  </ForwardRef>
</header>
`;
